// Vitest Snapshot v1, https://vitest.dev/guide/snapshot.html

exports[`docker-api contract > records the calls nexploy makes, so a change to the contract is visible 1`] = `
[
  "DELETE /api/container/remove",
  "DELETE /api/environments/:param",
  "DELETE /api/swarm/nodes/:param",
  "DELETE /api/swarm/services",
  "GET /api/backups/download/:param",
  "GET /api/composes",
  "GET /api/composes/:param/list",
  "GET /api/composes/:param/status",
  "GET /api/container/:param",
  "GET /api/container/:param/logs",
  "GET /api/containers",
  "GET /api/images",
  "GET /api/images/:param",
  "GET /api/networks",
  "GET /api/networks/:param",
  "GET /api/swarm/nodes",
  "GET /api/swarm/services",
  "GET /api/system/df",
  "GET /api/system/docker-version",
  "GET /api/system/version",
  "GET /api/tasks/:param",
  "GET /api/volumes",
  "GET /api/volumes/:param/inspect",
  "PATCH /api/environments/:param",
  "POST /api/backups/restore/:param?overwrite=:param",
  "POST /api/composes/:param/:param",
  "POST /api/composes/deploy",
  "POST /api/composes/migrate",
  "POST /api/composes/validate-syntax",
  "POST /api/container/:param",
  "POST /api/container/:param/exec",
  "POST /api/container/create",
  "POST /api/container/migrate",
  "POST /api/container/pause",
  "POST /api/container/recreate",
  "POST /api/container/rename",
  "POST /api/container/restart",
  "POST /api/container/restart-policy",
  "POST /api/container/start",
  "POST /api/container/stop",
  "POST /api/container/unpause",
  "POST /api/containers/hardRefresh",
  "POST /api/environments/:param/set-default",
  "POST /api/environments/register",
  "POST /api/environments/validate",
  "POST /api/images/:param",
  "POST /api/images/:param/tag",
  "POST /api/images/delete",
  "POST /api/images/hardRefresh",
  "POST /api/images/import",
  "POST /api/images/load",
  "POST /api/images/mirror",
  "POST /api/images/prune",
  "POST /api/images/pull",
  "POST /api/images/push",
  "POST /api/images/save",
  "POST /api/images/scan",
  "POST /api/images/tag",
  "POST /api/images/untag",
  "POST /api/networks/:param",
  "POST /api/networks/create",
  "POST /api/networks/delete",
  "POST /api/networks/hardRefresh",
  "POST /api/pipeline/deploy",
  "POST /api/pipeline/deploy-compose",
  "POST /api/registries/login",
  "POST /api/registries/logout",
  "POST /api/registries/ping",
  "POST /api/swarm/hardRefresh",
  "POST /api/swarm/init",
  "POST /api/swarm/join",
  "POST /api/swarm/leave",
  "POST /api/swarm/nodes/:param/:param",
  "POST /api/swarm/nodes/:param/activate",
  "POST /api/swarm/nodes/:param/demote",
  "POST /api/swarm/nodes/:param/drain",
  "POST /api/swarm/nodes/:param/pause",
  "POST /api/swarm/nodes/:param/promote",
  "POST /api/swarm/services",
  "POST /api/swarm/services/:param/force-update",
  "POST /api/swarm/services/:param/scale",
  "POST /api/system/instance-domain",
  "POST /api/system/prune/:param",
  "POST /api/system/upgrade",
  "POST /api/tasks/:param/cancel",
  "POST /api/volumes/:param",
  "POST /api/volumes/create",
  "POST /api/volumes/delete",
  "POST /api/volumes/hardRefresh",
  "POST /api/volumes/prune",
  "PUT /api/environments/:param/protection",
]
`;

exports[`docker-api contract > records the routes docker-api serves but nexploy never calls 1`] = `
[
  "DELETE /api/swarm/services/:id",
  "DELETE /api/tasks/:taskId",
  "GET /api/container/current",
  "GET /api/container/events/stream/:containerId",
  "GET /api/container/events/stream/:containerId/logs/:follow/:tail",
  "GET /api/container/events/stream/:containerId/stats/:refreshRate",
  "GET /api/container/status",
  "GET /api/containers/events/stream",
  "GET /api/containers/events/stream/stats/:refreshRate",
  "GET /api/docker/events/stream",
  "GET /api/events/events/stream",
  "GET /api/events/events/stream/:eventType",
  "GET /api/events/events/stream/:eventType/:action",
  "GET /api/image/events/stream/:imageId",
  "GET /api/images/:id/history",
  "GET /api/images/events/stream",
  "GET /api/network/events/stream/:networkId",
  "GET /api/networks/events/stream",
  "GET /api/node/events/stream/:nodeId",
  "GET /api/service/events/stream/:serviceId",
  "GET /api/swarm/events/stream",
  "GET /api/tasks/current",
  "GET /api/tasks/events/stream",
  "GET /api/traefik/events/stream",
  "GET /api/volume/events/stream/:volumeName",
  "GET /api/volumes/events/stream",
  "PATCH /api/swarm/services/:id",
  "POST /api/composes/:project/pause",
  "POST /api/composes/:project/remove",
  "POST /api/composes/:project/restart",
  "POST /api/composes/:project/start",
  "POST /api/composes/:project/stop",
  "POST /api/composes/:project/unpause",
  "POST /api/container/run-ephemeral",
  "POST /api/containers/prune",
  "POST /api/pipeline/events/stream/build",
  "POST /api/pipeline/events/stream/compose",
  "POST /api/pipeline/events/stream/compose-build",
  "POST /api/pipeline/events/stream/compose-run",
  "POST /api/pipeline/events/stream/compose-up",
  "POST /api/pipeline/events/stream/push",
  "POST /api/system/build-cache/prune",
  "POST /api/tasks/clear",
  "POST /api/volumes/cache/restore",
  "POST /api/volumes/cache/save",
]
`;

exports[`docker-api contract > reports the calls that reach no docker-api route 1`] = `[]`;
