// Vitest Snapshot v1, https://vitest.dev/guide/snapshot.html

exports[`exemption evidence > reports the exemptions that are worth tightening 1`] = `
[
  "src/actions/auth/changeUsername.action.ts#onChangeUsernameAction — Uses actionServer instead of authActionServer, so it skips the banned-account check",
]
`;
