// Vitest Snapshot v1, https://vitest.dev/guide/snapshot.html

exports[`exemption evidence > reports the exemptions that are worth tightening 1`] = `
[
  "GET src/app/api/ai/models/[provider]/route.ts — Any authenticated role can list models; consider requiring ai.read",
  "GET src/app/api/ai/providers/route.ts — Any authenticated role can list configured providers; consider requiring ai.read",
  "POST src/app/api/chat/route.ts — Any authenticated role can use the AI assistant; consider requiring ai.read",
  "src/actions/auth/changeUsername.action.ts#onChangeUsernameAction — Uses actionServer instead of authActionServer, so it skips the banned-account check",
]
`;
