// Vitest Snapshot v1, https://vitest.dev/guide/snapshot.html

exports[`permission matrix > records the full role capability table 1`] = `
[
  {
    "admin": true,
    "developer": false,
    "guest": false,
    "permission": "user.create",
    "system": false,
  },
  {
    "admin": true,
    "developer": false,
    "guest": false,
    "permission": "user.list",
    "system": false,
  },
  {
    "admin": true,
    "developer": false,
    "guest": false,
    "permission": "user.set-role",
    "system": false,
  },
  {
    "admin": true,
    "developer": false,
    "guest": false,
    "permission": "user.ban",
    "system": false,
  },
  {
    "admin": true,
    "developer": false,
    "guest": false,
    "permission": "user.impersonate",
    "system": false,
  },
  {
    "admin": true,
    "developer": false,
    "guest": false,
    "permission": "user.delete",
    "system": false,
  },
  {
    "admin": true,
    "developer": false,
    "guest": false,
    "permission": "user.set-password",
    "system": false,
  },
  {
    "admin": true,
    "developer": false,
    "guest": false,
    "permission": "user.set-email",
    "system": false,
  },
  {
    "admin": true,
    "developer": false,
    "guest": false,
    "permission": "user.get",
    "system": false,
  },
  {
    "admin": true,
    "developer": false,
    "guest": false,
    "permission": "user.update",
    "system": false,
  },
  {
    "admin": true,
    "developer": false,
    "guest": false,
    "permission": "session.list",
    "system": false,
  },
  {
    "admin": true,
    "developer": false,
    "guest": false,
    "permission": "session.revoke",
    "system": false,
  },
  {
    "admin": true,
    "developer": false,
    "guest": false,
    "permission": "session.delete",
    "system": false,
  },
  {
    "admin": true,
    "developer": true,
    "guest": false,
    "permission": "repository.create",
    "system": false,
  },
  {
    "admin": true,
    "developer": true,
    "guest": true,
    "permission": "repository.read",
    "system": true,
  },
  {
    "admin": true,
    "developer": true,
    "guest": false,
    "permission": "repository.update",
    "system": false,
  },
  {
    "admin": true,
    "developer": true,
    "guest": false,
    "permission": "repository.delete",
    "system": false,
  },
  {
    "admin": true,
    "developer": true,
    "guest": true,
    "permission": "build.read",
    "system": true,
  },
  {
    "admin": true,
    "developer": true,
    "guest": false,
    "permission": "build.run",
    "system": false,
  },
  {
    "admin": true,
    "developer": true,
    "guest": false,
    "permission": "build.cancel",
    "system": false,
  },
  {
    "admin": true,
    "developer": true,
    "guest": false,
    "permission": "build.delete",
    "system": false,
  },
  {
    "admin": true,
    "developer": true,
    "guest": false,
    "permission": "deployment.deploy",
    "system": false,
  },
  {
    "admin": true,
    "developer": true,
    "guest": false,
    "permission": "deployment.rollback",
    "system": false,
  },
  {
    "admin": true,
    "developer": true,
    "guest": true,
    "permission": "pipeline.read",
    "system": false,
  },
  {
    "admin": true,
    "developer": true,
    "guest": false,
    "permission": "pipeline.update",
    "system": false,
  },
  {
    "admin": true,
    "developer": true,
    "guest": false,
    "permission": "pipeline.webhook",
    "system": false,
  },
  {
    "admin": true,
    "developer": true,
    "guest": false,
    "permission": "envVar.read",
    "system": false,
  },
  {
    "admin": true,
    "developer": true,
    "guest": false,
    "permission": "envVar.write",
    "system": false,
  },
  {
    "admin": true,
    "developer": false,
    "guest": false,
    "permission": "environment.create",
    "system": false,
  },
  {
    "admin": true,
    "developer": true,
    "guest": true,
    "permission": "environment.read",
    "system": true,
  },
  {
    "admin": true,
    "developer": false,
    "guest": false,
    "permission": "environment.update",
    "system": false,
  },
  {
    "admin": true,
    "developer": false,
    "guest": false,
    "permission": "environment.delete",
    "system": false,
  },
  {
    "admin": true,
    "developer": true,
    "guest": true,
    "permission": "stage.read",
    "system": false,
  },
  {
    "admin": true,
    "developer": true,
    "guest": false,
    "permission": "stage.manage",
    "system": false,
  },
  {
    "admin": true,
    "developer": true,
    "guest": true,
    "permission": "domain.read",
    "system": false,
  },
  {
    "admin": true,
    "developer": true,
    "guest": false,
    "permission": "domain.manage",
    "system": false,
  },
  {
    "admin": true,
    "developer": true,
    "guest": false,
    "permission": "ssl.read",
    "system": false,
  },
  {
    "admin": true,
    "developer": true,
    "guest": false,
    "permission": "ssl.manage",
    "system": false,
  },
  {
    "admin": true,
    "developer": true,
    "guest": true,
    "permission": "container.read",
    "system": true,
  },
  {
    "admin": true,
    "developer": true,
    "guest": false,
    "permission": "container.manage",
    "system": false,
  },
  {
    "admin": true,
    "developer": true,
    "guest": false,
    "permission": "container.remove",
    "system": false,
  },
  {
    "admin": true,
    "developer": true,
    "guest": true,
    "permission": "image.read",
    "system": true,
  },
  {
    "admin": true,
    "developer": true,
    "guest": false,
    "permission": "image.pull",
    "system": false,
  },
  {
    "admin": true,
    "developer": false,
    "guest": false,
    "permission": "image.manage",
    "system": false,
  },
  {
    "admin": true,
    "developer": false,
    "guest": false,
    "permission": "image.remove",
    "system": false,
  },
  {
    "admin": true,
    "developer": true,
    "guest": true,
    "permission": "network.read",
    "system": true,
  },
  {
    "admin": true,
    "developer": false,
    "guest": false,
    "permission": "network.manage",
    "system": false,
  },
  {
    "admin": true,
    "developer": false,
    "guest": false,
    "permission": "network.remove",
    "system": false,
  },
  {
    "admin": true,
    "developer": true,
    "guest": true,
    "permission": "volume.read",
    "system": true,
  },
  {
    "admin": true,
    "developer": false,
    "guest": false,
    "permission": "volume.manage",
    "system": false,
  },
  {
    "admin": true,
    "developer": false,
    "guest": false,
    "permission": "volume.remove",
    "system": false,
  },
  {
    "admin": true,
    "developer": true,
    "guest": true,
    "permission": "swarm.read",
    "system": false,
  },
  {
    "admin": true,
    "developer": false,
    "guest": false,
    "permission": "swarm.manage",
    "system": false,
  },
  {
    "admin": true,
    "developer": false,
    "guest": false,
    "permission": "gitProvider.create",
    "system": false,
  },
  {
    "admin": true,
    "developer": true,
    "guest": false,
    "permission": "gitProvider.read",
    "system": false,
  },
  {
    "admin": true,
    "developer": false,
    "guest": false,
    "permission": "gitProvider.update",
    "system": false,
  },
  {
    "admin": true,
    "developer": false,
    "guest": false,
    "permission": "gitProvider.delete",
    "system": false,
  },
  {
    "admin": true,
    "developer": false,
    "guest": false,
    "permission": "registry.create",
    "system": false,
  },
  {
    "admin": true,
    "developer": true,
    "guest": false,
    "permission": "registry.read",
    "system": false,
  },
  {
    "admin": true,
    "developer": false,
    "guest": false,
    "permission": "registry.update",
    "system": false,
  },
  {
    "admin": true,
    "developer": false,
    "guest": false,
    "permission": "registry.delete",
    "system": false,
  },
  {
    "admin": true,
    "developer": true,
    "guest": false,
    "permission": "registry.mirror",
    "system": false,
  },
  {
    "admin": true,
    "developer": true,
    "guest": false,
    "permission": "dns.read",
    "system": false,
  },
  {
    "admin": true,
    "developer": false,
    "guest": false,
    "permission": "dns.manage",
    "system": false,
  },
  {
    "admin": true,
    "developer": true,
    "guest": false,
    "permission": "cloudBackup.read",
    "system": false,
  },
  {
    "admin": true,
    "developer": false,
    "guest": false,
    "permission": "cloudBackup.manage",
    "system": false,
  },
  {
    "admin": true,
    "developer": false,
    "guest": false,
    "permission": "backup.create",
    "system": false,
  },
  {
    "admin": true,
    "developer": false,
    "guest": false,
    "permission": "backup.read",
    "system": false,
  },
  {
    "admin": true,
    "developer": false,
    "guest": false,
    "permission": "backup.restore",
    "system": false,
  },
  {
    "admin": true,
    "developer": false,
    "guest": false,
    "permission": "backup.delete",
    "system": false,
  },
  {
    "admin": true,
    "developer": true,
    "guest": false,
    "permission": "traefik.read",
    "system": false,
  },
  {
    "admin": true,
    "developer": true,
    "guest": false,
    "permission": "traefik.manage",
    "system": false,
  },
  {
    "admin": true,
    "developer": true,
    "guest": false,
    "permission": "setting.read",
    "system": false,
  },
  {
    "admin": true,
    "developer": false,
    "guest": false,
    "permission": "setting.manage",
    "system": false,
  },
  {
    "admin": true,
    "developer": false,
    "guest": false,
    "permission": "activity.read",
    "system": false,
  },
  {
    "admin": true,
    "developer": false,
    "guest": false,
    "permission": "activity.manage",
    "system": false,
  },
  {
    "admin": true,
    "developer": true,
    "guest": false,
    "permission": "ai.read",
    "system": false,
  },
  {
    "admin": true,
    "developer": true,
    "guest": false,
    "permission": "ai.chat",
    "system": false,
  },
  {
    "admin": true,
    "developer": false,
    "guest": false,
    "permission": "ai.manage",
    "system": false,
  },
  {
    "admin": true,
    "developer": false,
    "guest": false,
    "permission": "mcpKey.create",
    "system": false,
  },
  {
    "admin": true,
    "developer": true,
    "guest": false,
    "permission": "mcpKey.read",
    "system": false,
  },
  {
    "admin": true,
    "developer": false,
    "guest": false,
    "permission": "mcpKey.delete",
    "system": false,
  },
  {
    "admin": true,
    "developer": true,
    "guest": true,
    "permission": "monitoring.read",
    "system": true,
  },
]
`;

exports[`permission matrix > resolves the same verdict for every endpoint and global role 1`] = `
[
  {
    "admin": "exempt:framework",
    "developer": "exempt:framework",
    "endpoint": "DELETE src/app/api/mcp/route.ts",
    "guards": null,
    "guest": "exempt:framework",
    "system": "exempt:framework",
  },
  {
    "admin": "allow",
    "developer": "allow",
    "endpoint": "DELETE src/app/api/traefik/[...slug]/route.ts",
    "guards": "traefik.manage",
    "guest": "deny",
    "system": "deny",
  },
  {
    "admin": "exempt:framework",
    "developer": "exempt:framework",
    "endpoint": "GET src/app/api/[...all]/route.ts",
    "guards": null,
    "guest": "exempt:framework",
    "system": "exempt:framework",
  },
  {
    "admin": "allow",
    "developer": "allow",
    "endpoint": "GET src/app/api/admin/active-builds/route.ts",
    "guards": "setting.read",
    "guest": "deny",
    "system": "deny",
  },
  {
    "admin": "allow",
    "developer": "deny",
    "endpoint": "GET src/app/api/admin/activity/route.ts",
    "guards": "activity.read",
    "guest": "deny",
    "system": "deny",
  },
  {
    "admin": "allow",
    "developer": "allow",
    "endpoint": "GET src/app/api/admin/version/route.ts",
    "guards": "setting.read",
    "guest": "deny",
    "system": "deny",
  },
  {
    "admin": "allow",
    "developer": "allow",
    "endpoint": "GET src/app/api/ai/models/[provider]/route.ts",
    "guards": "ai.read",
    "guest": "deny",
    "system": "deny",
  },
  {
    "admin": "allow",
    "developer": "allow",
    "endpoint": "GET src/app/api/ai/providers/route.ts",
    "guards": "ai.read",
    "guest": "deny",
    "system": "deny",
  },
  {
    "admin": "allow",
    "developer": "deny",
    "endpoint": "GET src/app/api/backup/schedules/route.ts",
    "guards": "backup.read",
    "guest": "deny",
    "system": "deny",
  },
  {
    "admin": "allow",
    "developer": "allow",
    "endpoint": "GET src/app/api/bucket-storage/accounts/route.ts",
    "guards": "cloudBackup.read",
    "guest": "deny",
    "system": "deny",
  },
  {
    "admin": "allow",
    "developer": "allow",
    "endpoint": "GET src/app/api/cloudflare/accounts/route.ts",
    "guards": "dns.read",
    "guest": "deny",
    "system": "deny",
  },
  {
    "admin": "allow",
    "developer": "allow",
    "endpoint": "GET src/app/api/cloudflare/zone/route.ts",
    "guards": "dns.read",
    "guest": "deny",
    "system": "deny",
  },
  {
    "admin": "allow",
    "developer": "allow",
    "endpoint": "GET src/app/api/docker/images/save/route.ts",
    "guards": "image.read",
    "guest": "allow",
    "system": "allow",
  },
  {
    "admin": "allow",
    "developer": "allow",
    "endpoint": "GET src/app/api/docker/images/search/route.ts",
    "guards": "image.read",
    "guest": "allow",
    "system": "allow",
  },
  {
    "admin": "allow",
    "developer": "allow",
    "endpoint": "GET src/app/api/environments/[id]/route.ts",
    "guards": "environment.read",
    "guest": "allow",
    "system": "allow",
  },
  {
    "admin": "allow",
    "developer": "allow",
    "endpoint": "GET src/app/api/environments/route.ts",
    "guards": "environment.read",
    "guest": "allow",
    "system": "allow",
  },
  {
    "admin": "allow",
    "developer": "deny",
    "endpoint": "GET src/app/api/events/activity/stream/route.ts",
    "guards": "activity.read",
    "guest": "deny",
    "system": "deny",
  },
  {
    "admin": "allow",
    "developer": "allow",
    "endpoint": "GET src/app/api/events/monitoring/stream/route.ts",
    "guards": "monitoring.read",
    "guest": "allow",
    "system": "allow",
  },
  {
    "admin": "allow",
    "developer": "allow",
    "endpoint": "GET src/app/api/events/multiplexed/route.ts",
    "guards": "container.read",
    "guest": "allow",
    "system": "allow",
  },
  {
    "admin": "exempt:session-scoped",
    "developer": "exempt:session-scoped",
    "endpoint": "GET src/app/api/git/accounts/route.ts",
    "guards": null,
    "guest": "exempt:session-scoped",
    "system": "exempt:session-scoped",
  },
  {
    "admin": "allow",
    "developer": "allow",
    "endpoint": "GET src/app/api/git/branches/route.ts",
    "guards": "repository.read",
    "guest": "allow",
    "system": "allow",
  },
  {
    "admin": "exempt:session-scoped",
    "developer": "exempt:session-scoped",
    "endpoint": "GET src/app/api/git/oauth/callback/route.ts",
    "guards": null,
    "guest": "exempt:session-scoped",
    "system": "exempt:session-scoped",
  },
  {
    "admin": "exempt:session-scoped",
    "developer": "exempt:session-scoped",
    "endpoint": "GET src/app/api/git/oauth/connect/route.ts",
    "guards": null,
    "guest": "exempt:session-scoped",
    "system": "exempt:session-scoped",
  },
  {
    "admin": "allow",
    "developer": "allow",
    "endpoint": "GET src/app/api/git/repositories/route.ts",
    "guards": "repository.read",
    "guest": "allow",
    "system": "allow",
  },
  {
    "admin": "exempt:framework",
    "developer": "exempt:framework",
    "endpoint": "GET src/app/api/inngest/route.ts",
    "guards": null,
    "guest": "exempt:framework",
    "system": "exempt:framework",
  },
  {
    "admin": "exempt:internal-api-key",
    "developer": "exempt:internal-api-key",
    "endpoint": "GET src/app/api/internal/docker-api-key/route.ts",
    "guards": null,
    "guest": "exempt:internal-api-key",
    "system": "exempt:internal-api-key",
  },
  {
    "admin": "exempt:internal-api-key",
    "developer": "exempt:internal-api-key",
    "endpoint": "GET src/app/api/internal/repository-organizations/route.ts",
    "guards": null,
    "guest": "exempt:internal-api-key",
    "system": "exempt:internal-api-key",
  },
  {
    "admin": "exempt:framework",
    "developer": "exempt:framework",
    "endpoint": "GET src/app/api/mcp/route.ts",
    "guards": null,
    "guest": "exempt:framework",
    "system": "exempt:framework",
  },
  {
    "admin": "allow",
    "developer": "allow",
    "endpoint": "GET src/app/api/network/public-ip/route.ts",
    "guards": "repository.read",
    "guest": "allow",
    "system": "allow",
  },
  {
    "admin": "exempt:session-scoped",
    "developer": "exempt:session-scoped",
    "endpoint": "GET src/app/api/organizations/[organizationId]/members/route.ts",
    "guards": null,
    "guest": "exempt:session-scoped",
    "system": "exempt:session-scoped",
  },
  {
    "admin": "exempt:undeclared",
    "developer": "exempt:undeclared",
    "endpoint": "GET src/app/api/organizations/[organizationId]/members/search-users/route.ts",
    "guards": null,
    "guest": "exempt:undeclared",
    "system": "exempt:undeclared",
  },
  {
    "admin": "exempt:session-scoped",
    "developer": "exempt:session-scoped",
    "endpoint": "GET src/app/api/organizations/route.ts",
    "guards": null,
    "guest": "exempt:session-scoped",
    "system": "exempt:session-scoped",
  },
  {
    "admin": "allow",
    "developer": "deny",
    "endpoint": "GET src/app/api/providers/github/setup/route.ts",
    "guards": "gitProvider.create",
    "guest": "deny",
    "system": "deny",
  },
  {
    "admin": "allow",
    "developer": "allow",
    "endpoint": "GET src/app/api/registries/route.ts",
    "guards": "registry.read",
    "guest": "deny",
    "system": "deny",
  },
  {
    "admin": "allow",
    "developer": "allow",
    "endpoint": "GET src/app/api/repositories/[repositoryId]/builds/[buildId]/nodes/[nodeId]/logs/route.ts",
    "guards": "repository.read",
    "guest": "allow",
    "system": "allow",
  },
  {
    "admin": "allow",
    "developer": "allow",
    "endpoint": "GET src/app/api/repositories/[repositoryId]/builds/[buildId]/route.ts",
    "guards": "repository.read",
    "guest": "allow",
    "system": "allow",
  },
  {
    "admin": "allow",
    "developer": "allow",
    "endpoint": "GET src/app/api/repositories/[repositoryId]/builds/route.ts",
    "guards": "repository.read",
    "guest": "allow",
    "system": "allow",
  },
  {
    "admin": "allow",
    "developer": "allow",
    "endpoint": "GET src/app/api/repositories/[repositoryId]/route.ts",
    "guards": "repository.read",
    "guest": "allow",
    "system": "allow",
  },
  {
    "admin": "allow",
    "developer": "allow",
    "endpoint": "GET src/app/api/repositories/[repositoryId]/stages/[stageId]/env/route.ts",
    "guards": "envVar.read",
    "guest": "deny",
    "system": "deny",
  },
  {
    "admin": "allow",
    "developer": "allow",
    "endpoint": "GET src/app/api/repositories/[repositoryId]/stages/[stageId]/pipeline/route.ts",
    "guards": "pipeline.read",
    "guest": "allow",
    "system": "deny",
  },
  {
    "admin": "allow",
    "developer": "allow",
    "endpoint": "GET src/app/api/repositories/[repositoryId]/stages/route.ts",
    "guards": "stage.read",
    "guest": "allow",
    "system": "deny",
  },
  {
    "admin": "allow",
    "developer": "allow",
    "endpoint": "GET src/app/api/repositories/[repositoryId]/versions/route.ts",
    "guards": "repository.read",
    "guest": "allow",
    "system": "allow",
  },
  {
    "admin": "allow",
    "developer": "allow",
    "endpoint": "GET src/app/api/repositories/[repositoryId]/webhook/route.ts",
    "guards": "repository.read",
    "guest": "allow",
    "system": "allow",
  },
  {
    "admin": "allow",
    "developer": "allow",
    "endpoint": "GET src/app/api/repositories/route.ts",
    "guards": "repository.read",
    "guest": "allow",
    "system": "allow",
  },
  {
    "admin": "allow",
    "developer": "allow",
    "endpoint": "GET src/app/api/ssl-certificates/route.ts",
    "guards": "ssl.read",
    "guest": "deny",
    "system": "deny",
  },
  {
    "admin": "allow",
    "developer": "allow",
    "endpoint": "GET src/app/api/system/disk-usage/route.ts",
    "guards": "monitoring.read",
    "guest": "allow",
    "system": "allow",
  },
  {
    "admin": "allow",
    "developer": "allow",
    "endpoint": "GET src/app/api/tasks/builds/route.ts",
    "guards": "build.read",
    "guest": "allow",
    "system": "allow",
  },
  {
    "admin": "allow",
    "developer": "allow",
    "endpoint": "GET src/app/api/traefik/[...slug]/route.ts",
    "guards": "traefik.read",
    "guest": "deny",
    "system": "deny",
  },
  {
    "admin": "allow",
    "developer": "allow",
    "endpoint": "GET src/app/api/traefik/route.ts",
    "guards": "traefik.read",
    "guest": "deny",
    "system": "deny",
  },
  {
    "admin": "exempt:framework",
    "developer": "exempt:framework",
    "endpoint": "POST src/app/api/[...all]/route.ts",
    "guards": null,
    "guest": "exempt:framework",
    "system": "exempt:framework",
  },
  {
    "admin": "allow",
    "developer": "allow",
    "endpoint": "POST src/app/api/chat/route.ts",
    "guards": "ai.chat",
    "guest": "deny",
    "system": "deny",
  },
  {
    "admin": "exempt:framework",
    "developer": "exempt:framework",
    "endpoint": "POST src/app/api/inngest/route.ts",
    "guards": null,
    "guest": "exempt:framework",
    "system": "exempt:framework",
  },
  {
    "admin": "exempt:internal-api-key",
    "developer": "exempt:internal-api-key",
    "endpoint": "POST src/app/api/internal/verify-api-key/route.ts",
    "guards": null,
    "guest": "exempt:internal-api-key",
    "system": "exempt:internal-api-key",
  },
  {
    "admin": "exempt:internal-api-key",
    "developer": "exempt:internal-api-key",
    "endpoint": "POST src/app/api/internal/versions/sync-delete/route.ts",
    "guards": null,
    "guest": "exempt:internal-api-key",
    "system": "exempt:internal-api-key",
  },
  {
    "admin": "exempt:internal-api-key",
    "developer": "exempt:internal-api-key",
    "endpoint": "POST src/app/api/internal/volumes/sync-delete/route.ts",
    "guards": null,
    "guest": "exempt:internal-api-key",
    "system": "exempt:internal-api-key",
  },
  {
    "admin": "exempt:framework",
    "developer": "exempt:framework",
    "endpoint": "POST src/app/api/mcp/route.ts",
    "guards": null,
    "guest": "exempt:framework",
    "system": "exempt:framework",
  },
  {
    "admin": "allow",
    "developer": "allow",
    "endpoint": "POST src/app/api/traefik/route.ts",
    "guards": "traefik.manage",
    "guest": "deny",
    "system": "deny",
  },
  {
    "admin": "exempt:public",
    "developer": "exempt:public",
    "endpoint": "POST src/app/api/webhooks/azure-repos/route.ts",
    "guards": null,
    "guest": "exempt:public",
    "system": "exempt:public",
  },
  {
    "admin": "exempt:public",
    "developer": "exempt:public",
    "endpoint": "POST src/app/api/webhooks/bitbucket/route.ts",
    "guards": null,
    "guest": "exempt:public",
    "system": "exempt:public",
  },
  {
    "admin": "exempt:public",
    "developer": "exempt:public",
    "endpoint": "POST src/app/api/webhooks/gitea/route.ts",
    "guards": null,
    "guest": "exempt:public",
    "system": "exempt:public",
  },
  {
    "admin": "exempt:public",
    "developer": "exempt:public",
    "endpoint": "POST src/app/api/webhooks/github/route.ts",
    "guards": null,
    "guest": "exempt:public",
    "system": "exempt:public",
  },
  {
    "admin": "exempt:public",
    "developer": "exempt:public",
    "endpoint": "POST src/app/api/webhooks/gitlab/route.ts",
    "guards": null,
    "guest": "exempt:public",
    "system": "exempt:public",
  },
  {
    "admin": "exempt:framework",
    "developer": "exempt:framework",
    "endpoint": "PUT src/app/api/inngest/route.ts",
    "guards": null,
    "guest": "exempt:framework",
    "system": "exempt:framework",
  },
  {
    "admin": "allow",
    "developer": "deny",
    "endpoint": "src/actions/admin/activity/purgeActivityLogs.action.ts#purgeActivityLogsAction",
    "guards": "activity.manage",
    "guest": "deny",
    "system": "deny",
  },
  {
    "admin": "allow",
    "developer": "deny",
    "endpoint": "src/actions/admin/activity/updateActivityRetention.action.ts#updateActivityRetentionAction",
    "guards": "activity.manage",
    "guest": "deny",
    "system": "deny",
  },
  {
    "admin": "allow",
    "developer": "deny",
    "endpoint": "src/actions/admin/ai/addAiConfig.action.ts#addAiConfigAction",
    "guards": "ai.manage",
    "guest": "deny",
    "system": "deny",
  },
  {
    "admin": "allow",
    "developer": "deny",
    "endpoint": "src/actions/admin/ai/createMcpApiKey.action.ts#createMcpApiKeyAction",
    "guards": "mcpKey.create",
    "guest": "deny",
    "system": "deny",
  },
  {
    "admin": "allow",
    "developer": "deny",
    "endpoint": "src/actions/admin/ai/deleteAiConfig.action.ts#deleteAiConfigAction",
    "guards": "ai.manage",
    "guest": "deny",
    "system": "deny",
  },
  {
    "admin": "allow",
    "developer": "deny",
    "endpoint": "src/actions/admin/ai/deleteMcpApiKey.action.ts#deleteMcpApiKeyAction",
    "guards": "mcpKey.delete",
    "guest": "deny",
    "system": "deny",
  },
  {
    "admin": "allow",
    "developer": "deny",
    "endpoint": "src/actions/admin/ai/updateAiChatBehavior.action.ts#updateAIChatBehaviorAction",
    "guards": "ai.manage",
    "guest": "deny",
    "system": "deny",
  },
  {
    "admin": "allow",
    "developer": "deny",
    "endpoint": "src/actions/admin/ai/updateAiCustomPrompt.action.ts#updateAICustomPromptAction",
    "guards": "ai.manage",
    "guest": "deny",
    "system": "deny",
  },
  {
    "admin": "allow",
    "developer": "deny",
    "endpoint": "src/actions/admin/ai/updateAiGeneralSettings.action.ts#updateAIGeneralSettingsAction",
    "guards": "ai.manage",
    "guest": "deny",
    "system": "deny",
  },
  {
    "admin": "allow",
    "developer": "deny",
    "endpoint": "src/actions/admin/ai/updateAiMcpPermissions.action.ts#updateAIMcpPermissionsAction",
    "guards": "ai.manage",
    "guest": "deny",
    "system": "deny",
  },
  {
    "admin": "allow",
    "developer": "deny",
    "endpoint": "src/actions/admin/cleanup/runCleanup.action.ts#runCleanupAction",
    "guards": "setting.manage",
    "guest": "deny",
    "system": "deny",
  },
  {
    "admin": "allow",
    "developer": "deny",
    "endpoint": "src/actions/admin/cleanup/updateCleanupSettings.action.ts#updateCleanupSettingsAction",
    "guards": "setting.manage",
    "guest": "deny",
    "system": "deny",
  },
  {
    "admin": "allow",
    "developer": "deny",
    "endpoint": "src/actions/admin/triggerUpgrade.action.ts#triggerUpgradeAction",
    "guards": "setting.manage",
    "guest": "deny",
    "system": "deny",
  },
  {
    "admin": "allow",
    "developer": "allow",
    "endpoint": "src/actions/admin/updateInstanceDomain.action.ts#updateInstanceDomainAction",
    "guards": "traefik.manage",
    "guest": "deny",
    "system": "deny",
  },
  {
    "admin": "exempt:delegated-auth",
    "developer": "exempt:delegated-auth",
    "endpoint": "src/actions/auth/changeUsername.action.ts#onChangeUsernameAction",
    "guards": null,
    "guest": "exempt:delegated-auth",
    "system": "exempt:delegated-auth",
  },
  {
    "admin": "allow",
    "developer": "deny",
    "endpoint": "src/actions/auth/createUser.action.ts#onCreateUserAction",
    "guards": "user.create",
    "guest": "deny",
    "system": "deny",
  },
  {
    "admin": "exempt:public",
    "developer": "exempt:public",
    "endpoint": "src/actions/auth/setup.action.ts#onSetupAction",
    "guards": null,
    "guest": "exempt:public",
    "system": "exempt:public",
  },
  {
    "admin": "exempt:public",
    "developer": "exempt:public",
    "endpoint": "src/actions/auth/signIn.action.ts#onSignInAction",
    "guards": null,
    "guest": "exempt:public",
    "system": "exempt:public",
  },
  {
    "admin": "exempt:self-service",
    "developer": "exempt:self-service",
    "endpoint": "src/actions/auth/twoFactorAuthDisable.action.ts#onTwoFactorAuthDisableAction",
    "guards": null,
    "guest": "exempt:self-service",
    "system": "exempt:self-service",
  },
  {
    "admin": "exempt:self-service",
    "developer": "exempt:self-service",
    "endpoint": "src/actions/auth/twoFactorAuthEnable.action.ts#onTwoFactorAuthEnableAction",
    "guards": null,
    "guest": "exempt:self-service",
    "system": "exempt:self-service",
  },
  {
    "admin": "exempt:public",
    "developer": "exempt:public",
    "endpoint": "src/actions/auth/twoFactorAuthUseBackupCode.action.ts#twoFactorAuthUseBackupCodeAction",
    "guards": null,
    "guest": "exempt:public",
    "system": "exempt:public",
  },
  {
    "admin": "exempt:public",
    "developer": "exempt:public",
    "endpoint": "src/actions/auth/twoFactorAuthVerifCode.action.ts#twoFactorAuthVerifCodeAction",
    "guards": null,
    "guest": "exempt:public",
    "system": "exempt:public",
  },
  {
    "admin": "allow",
    "developer": "deny",
    "endpoint": "src/actions/bucket-storage/addAccount.action.ts#addBucketStorageAccountAction",
    "guards": "cloudBackup.manage",
    "guest": "deny",
    "system": "deny",
  },
  {
    "admin": "allow",
    "developer": "deny",
    "endpoint": "src/actions/bucket-storage/createSchedule.action.ts#createBackupScheduleAction",
    "guards": "cloudBackup.manage",
    "guest": "deny",
    "system": "deny",
  },
  {
    "admin": "allow",
    "developer": "deny",
    "endpoint": "src/actions/bucket-storage/deleteAccount.action.ts#deleteBucketStorageAccountAction",
    "guards": "cloudBackup.manage",
    "guest": "deny",
    "system": "deny",
  },
  {
    "admin": "allow",
    "developer": "deny",
    "endpoint": "src/actions/bucket-storage/deleteSchedule.action.ts#deleteBackupScheduleAction",
    "guards": "cloudBackup.manage",
    "guest": "deny",
    "system": "deny",
  },
  {
    "admin": "allow",
    "developer": "deny",
    "endpoint": "src/actions/bucket-storage/uploadVolumeToBucketStorage.action.ts#uploadVolumeToBucketStorageAction",
    "guards": "cloudBackup.manage",
    "guest": "deny",
    "system": "deny",
  },
  {
    "admin": "allow",
    "developer": "deny",
    "endpoint": "src/actions/cloudflare/connect.action.ts#connectCloudflareAction",
    "guards": "dns.manage",
    "guest": "deny",
    "system": "deny",
  },
  {
    "admin": "allow",
    "developer": "deny",
    "endpoint": "src/actions/cloudflare/disconnect.action.ts#disconnectCloudflareAction",
    "guards": "dns.manage",
    "guest": "deny",
    "system": "deny",
  },
  {
    "admin": "allow",
    "developer": "allow",
    "endpoint": "src/actions/docker/container/containerChangeImage.action.ts#onContainerChangeImageAction",
    "guards": "container.manage",
    "guest": "deny",
    "system": "deny",
  },
  {
    "admin": "allow",
    "developer": "allow",
    "endpoint": "src/actions/docker/container/containerCreate.action.ts#onContainerCreateAction",
    "guards": "container.manage",
    "guest": "deny",
    "system": "deny",
  },
  {
    "admin": "allow",
    "developer": "allow",
    "endpoint": "src/actions/docker/container/containerMigrate.action.ts#onContainerMigrateAction",
    "guards": "container.manage",
    "guest": "deny",
    "system": "deny",
  },
  {
    "admin": "allow",
    "developer": "allow",
    "endpoint": "src/actions/docker/container/containerPause.action.ts#onContainerPauseAction",
    "guards": "container.manage",
    "guest": "deny",
    "system": "deny",
  },
  {
    "admin": "allow",
    "developer": "allow",
    "endpoint": "src/actions/docker/container/containerRecreate.action.ts#onContainerRecreateAction",
    "guards": "container.manage",
    "guest": "deny",
    "system": "deny",
  },
  {
    "admin": "allow",
    "developer": "allow",
    "endpoint": "src/actions/docker/container/containerRemove.action.ts#onContainerRemoveAction",
    "guards": "container.remove",
    "guest": "deny",
    "system": "deny",
  },
  {
    "admin": "allow",
    "developer": "allow",
    "endpoint": "src/actions/docker/container/containerRename.action.ts#onContainerRenameAction",
    "guards": "container.manage",
    "guest": "deny",
    "system": "deny",
  },
  {
    "admin": "allow",
    "developer": "allow",
    "endpoint": "src/actions/docker/container/containerRestart.action.ts#onContainerRestartAction",
    "guards": "container.manage",
    "guest": "deny",
    "system": "deny",
  },
  {
    "admin": "allow",
    "developer": "allow",
    "endpoint": "src/actions/docker/container/containerRestartPolicy.action.ts#onContainerRestartPolicyAction",
    "guards": "container.manage",
    "guest": "deny",
    "system": "deny",
  },
  {
    "admin": "allow",
    "developer": "allow",
    "endpoint": "src/actions/docker/container/containerStart.action.ts#onContainerStartAction",
    "guards": "container.manage",
    "guest": "deny",
    "system": "deny",
  },
  {
    "admin": "allow",
    "developer": "allow",
    "endpoint": "src/actions/docker/container/containerStop.action.ts#onContainerStopAction",
    "guards": "container.manage",
    "guest": "deny",
    "system": "deny",
  },
  {
    "admin": "allow",
    "developer": "allow",
    "endpoint": "src/actions/docker/container/containerUnpause.action.ts#onContainerUnpauseAction",
    "guards": "container.manage",
    "guest": "deny",
    "system": "deny",
  },
  {
    "admin": "allow",
    "developer": "allow",
    "endpoint": "src/actions/docker/dockerRefresh.action.ts#onDockerRefreshAction",
    "guards": "container.read",
    "guest": "allow",
    "system": "allow",
  },
  {
    "admin": "allow",
    "developer": "deny",
    "endpoint": "src/actions/docker/image/imageAction.action.ts#onImageAction",
    "guards": "image.manage",
    "guest": "deny",
    "system": "deny",
  },
  {
    "admin": "allow",
    "developer": "allow",
    "endpoint": "src/actions/docker/image/imageImportAction.action.ts#onImageImportAction",
    "guards": "image.pull",
    "guest": "deny",
    "system": "deny",
  },
  {
    "admin": "allow",
    "developer": "allow",
    "endpoint": "src/actions/docker/image/imageLoadAction.action.ts#onImageLoadAction",
    "guards": "image.pull",
    "guest": "deny",
    "system": "deny",
  },
  {
    "admin": "allow",
    "developer": "allow",
    "endpoint": "src/actions/docker/image/imagePullAction.action.ts#onImagePullAction",
    "guards": "image.pull",
    "guest": "deny",
    "system": "deny",
  },
  {
    "admin": "allow",
    "developer": "deny",
    "endpoint": "src/actions/docker/image/imagePushAction.action.ts#onImagePushAction",
    "guards": "image.manage",
    "guest": "deny",
    "system": "deny",
  },
  {
    "admin": "allow",
    "developer": "deny",
    "endpoint": "src/actions/docker/image/imageTagAction.action.ts#onImageTagAction",
    "guards": "image.manage",
    "guest": "deny",
    "system": "deny",
  },
  {
    "admin": "allow",
    "developer": "deny",
    "endpoint": "src/actions/docker/image/imageUntagAction.action.ts#onImageUntagAction",
    "guards": "image.manage",
    "guest": "deny",
    "system": "deny",
  },
  {
    "admin": "allow",
    "developer": "deny",
    "endpoint": "src/actions/docker/network/networkAction.action.ts#onNetworkAction",
    "guards": "network.manage",
    "guest": "deny",
    "system": "deny",
  },
  {
    "admin": "allow",
    "developer": "deny",
    "endpoint": "src/actions/docker/network/networkCreate.action.ts#onNetworkCreateAction",
    "guards": "network.manage",
    "guest": "deny",
    "system": "deny",
  },
  {
    "admin": "allow",
    "developer": "deny",
    "endpoint": "src/actions/docker/swarm/createService.action.ts#onCreateServiceAction",
    "guards": "swarm.manage",
    "guest": "deny",
    "system": "deny",
  },
  {
    "admin": "allow",
    "developer": "deny",
    "endpoint": "src/actions/docker/swarm/forceUpdateService.action.ts#onForceUpdateServiceAction",
    "guards": "swarm.manage",
    "guest": "deny",
    "system": "deny",
  },
  {
    "admin": "allow",
    "developer": "deny",
    "endpoint": "src/actions/docker/swarm/init.action.ts#onInitSwarmAction",
    "guards": "swarm.manage",
    "guest": "deny",
    "system": "deny",
  },
  {
    "admin": "allow",
    "developer": "deny",
    "endpoint": "src/actions/docker/swarm/join.action.ts#onSwarmJoinAction",
    "guards": "swarm.manage",
    "guest": "deny",
    "system": "deny",
  },
  {
    "admin": "allow",
    "developer": "deny",
    "endpoint": "src/actions/docker/swarm/leave.action.ts#onSwarmLeaveAction",
    "guards": "swarm.manage",
    "guest": "deny",
    "system": "deny",
  },
  {
    "admin": "allow",
    "developer": "deny",
    "endpoint": "src/actions/docker/swarm/nodeAction.action.ts#onSwarmNodeAction",
    "guards": "swarm.manage",
    "guest": "deny",
    "system": "deny",
  },
  {
    "admin": "allow",
    "developer": "allow",
    "endpoint": "src/actions/docker/swarm/refresh.action.ts#onSwarmRefreshAction",
    "guards": "swarm.read",
    "guest": "allow",
    "system": "deny",
  },
  {
    "admin": "allow",
    "developer": "deny",
    "endpoint": "src/actions/docker/swarm/removeServices.action.ts#onRemoveServicesAction",
    "guards": "swarm.manage",
    "guest": "deny",
    "system": "deny",
  },
  {
    "admin": "allow",
    "developer": "deny",
    "endpoint": "src/actions/docker/swarm/scaleService.action.ts#onScaleServiceAction",
    "guards": "swarm.manage",
    "guest": "deny",
    "system": "deny",
  },
  {
    "admin": "allow",
    "developer": "deny",
    "endpoint": "src/actions/docker/volume/volumeAction.action.ts#onVolumeAction",
    "guards": "volume.manage",
    "guest": "deny",
    "system": "deny",
  },
  {
    "admin": "allow",
    "developer": "deny",
    "endpoint": "src/actions/docker/volume/volumeCreate.action.ts#onVolumeCreateAction",
    "guards": "volume.manage",
    "guest": "deny",
    "system": "deny",
  },
  {
    "admin": "allow",
    "developer": "allow",
    "endpoint": "src/actions/domains/addDomain.action.ts#addDomain",
    "guards": "domain.manage",
    "guest": "deny",
    "system": "deny",
  },
  {
    "admin": "allow",
    "developer": "allow",
    "endpoint": "src/actions/domains/deleteDomain.action.ts#deleteDomain",
    "guards": "domain.manage",
    "guest": "deny",
    "system": "deny",
  },
  {
    "admin": "allow",
    "developer": "allow",
    "endpoint": "src/actions/domains/editDomain.action.ts#editDomain",
    "guards": "domain.manage",
    "guest": "deny",
    "system": "deny",
  },
  {
    "admin": "allow",
    "developer": "deny",
    "endpoint": "src/actions/environment/createEnvironment.action.ts#createEnvironmentAction",
    "guards": "environment.create",
    "guest": "deny",
    "system": "deny",
  },
  {
    "admin": "allow",
    "developer": "deny",
    "endpoint": "src/actions/environment/deleteEnvironment.action.ts#deleteEnvironmentAction",
    "guards": "environment.delete",
    "guest": "deny",
    "system": "deny",
  },
  {
    "admin": "allow",
    "developer": "deny",
    "endpoint": "src/actions/environment/setDefaultEnvironment.action.ts#setDefaultEnvironmentAction",
    "guards": "environment.update",
    "guest": "deny",
    "system": "deny",
  },
  {
    "admin": "allow",
    "developer": "deny",
    "endpoint": "src/actions/environment/updateEnvironment.action.ts#updateEnvironmentAction",
    "guards": "environment.update",
    "guest": "deny",
    "system": "deny",
  },
  {
    "admin": "allow",
    "developer": "deny",
    "endpoint": "src/actions/environment/updateEnvironmentProtection.action.ts#updateEnvironmentProtectionAction",
    "guards": "environment.update",
    "guest": "deny",
    "system": "deny",
  },
  {
    "admin": "allow",
    "developer": "deny",
    "endpoint": "src/actions/git/deleteGitProvider.action.ts#deleteGitProviderAction",
    "guards": "gitProvider.delete",
    "guest": "deny",
    "system": "deny",
  },
  {
    "admin": "exempt:self-service",
    "developer": "exempt:self-service",
    "endpoint": "src/actions/git/disconnectGitAccount.action.ts#disconnectGitAccountAction",
    "guards": null,
    "guest": "exempt:self-service",
    "system": "exempt:self-service",
  },
  {
    "admin": "allow",
    "developer": "deny",
    "endpoint": "src/actions/git/saveAzureReposProvider.action.ts#saveAzureReposProviderAction",
    "guards": "gitProvider.create",
    "guest": "deny",
    "system": "deny",
  },
  {
    "admin": "allow",
    "developer": "deny",
    "endpoint": "src/actions/git/saveBitbucketProvider.action.ts#saveBitbucketProviderAction",
    "guards": "gitProvider.create",
    "guest": "deny",
    "system": "deny",
  },
  {
    "admin": "allow",
    "developer": "deny",
    "endpoint": "src/actions/git/saveGiteaProvider.action.ts#saveGiteaProviderAction",
    "guards": "gitProvider.create",
    "guest": "deny",
    "system": "deny",
  },
  {
    "admin": "allow",
    "developer": "deny",
    "endpoint": "src/actions/git/saveGitLabProvider.action.ts#saveGitLabProviderAction",
    "guards": "gitProvider.create",
    "guest": "deny",
    "system": "deny",
  },
  {
    "admin": "allow",
    "developer": "allow",
    "endpoint": "src/actions/inngest/tokenBuildId.action.ts#onGetTokenBuildIdAction",
    "guards": "build.read",
    "guest": "allow",
    "system": "allow",
  },
  {
    "admin": "allow",
    "developer": "allow",
    "endpoint": "src/actions/inngest/tokenBuildTasks.action.ts#onGetTokenBuildTasksAction",
    "guards": "build.read",
    "guest": "allow",
    "system": "allow",
  },
  {
    "admin": "exempt:session-scoped",
    "developer": "exempt:session-scoped",
    "endpoint": "src/actions/organization/acceptInvitation.action.ts#acceptInvitationAction",
    "guards": null,
    "guest": "exempt:session-scoped",
    "system": "exempt:session-scoped",
  },
  {
    "admin": "exempt:org-role-check",
    "developer": "exempt:org-role-check",
    "endpoint": "src/actions/organization/cancelInvitation.action.ts#cancelInvitationAction",
    "guards": null,
    "guest": "exempt:org-role-check",
    "system": "exempt:org-role-check",
  },
  {
    "admin": "exempt:session-scoped",
    "developer": "exempt:session-scoped",
    "endpoint": "src/actions/organization/createOrganization.action.ts#createOrganizationAction",
    "guards": null,
    "guest": "exempt:session-scoped",
    "system": "exempt:session-scoped",
  },
  {
    "admin": "exempt:org-role-check",
    "developer": "exempt:org-role-check",
    "endpoint": "src/actions/organization/deleteOrganization.action.ts#deleteOrganizationAction",
    "guards": null,
    "guest": "exempt:org-role-check",
    "system": "exempt:org-role-check",
  },
  {
    "admin": "exempt:org-role-check",
    "developer": "exempt:org-role-check",
    "endpoint": "src/actions/organization/inviteMember.action.ts#inviteMemberAction",
    "guards": null,
    "guest": "exempt:org-role-check",
    "system": "exempt:org-role-check",
  },
  {
    "admin": "exempt:org-role-check",
    "developer": "exempt:org-role-check",
    "endpoint": "src/actions/organization/leaveOrganization.action.ts#leaveOrganizationAction",
    "guards": null,
    "guest": "exempt:org-role-check",
    "system": "exempt:org-role-check",
  },
  {
    "admin": "exempt:session-scoped",
    "developer": "exempt:session-scoped",
    "endpoint": "src/actions/organization/rejectInvitation.action.ts#rejectInvitationAction",
    "guards": null,
    "guest": "exempt:session-scoped",
    "system": "exempt:session-scoped",
  },
  {
    "admin": "exempt:org-role-check",
    "developer": "exempt:org-role-check",
    "endpoint": "src/actions/organization/removeMember.action.ts#removeMemberAction",
    "guards": null,
    "guest": "exempt:org-role-check",
    "system": "exempt:org-role-check",
  },
  {
    "admin": "exempt:session-scoped",
    "developer": "exempt:session-scoped",
    "endpoint": "src/actions/organization/setActiveOrganization.action.ts#setActiveOrganizationAction",
    "guards": null,
    "guest": "exempt:session-scoped",
    "system": "exempt:session-scoped",
  },
  {
    "admin": "exempt:org-role-check",
    "developer": "exempt:org-role-check",
    "endpoint": "src/actions/organization/updateMemberRole.action.ts#updateMemberRoleAction",
    "guards": null,
    "guest": "exempt:org-role-check",
    "system": "exempt:org-role-check",
  },
  {
    "admin": "exempt:org-role-check",
    "developer": "exempt:org-role-check",
    "endpoint": "src/actions/organization/updateOrganization.action.ts#updateOrganizationAction",
    "guards": null,
    "guest": "exempt:org-role-check",
    "system": "exempt:org-role-check",
  },
  {
    "admin": "allow",
    "developer": "deny",
    "endpoint": "src/actions/registry/createRegistry.action.ts#createRegistryAction",
    "guards": "registry.create",
    "guest": "deny",
    "system": "deny",
  },
  {
    "admin": "allow",
    "developer": "deny",
    "endpoint": "src/actions/registry/deleteRegistry.action.ts#deleteRegistryAction",
    "guards": "registry.delete",
    "guest": "deny",
    "system": "deny",
  },
  {
    "admin": "allow",
    "developer": "allow",
    "endpoint": "src/actions/registry/mirrorImage.action.ts#mirrorImageAction",
    "guards": "registry.mirror",
    "guest": "deny",
    "system": "deny",
  },
  {
    "admin": "allow",
    "developer": "deny",
    "endpoint": "src/actions/registry/updateRegistry.action.ts#updateRegistryAction",
    "guards": "registry.update",
    "guest": "deny",
    "system": "deny",
  },
  {
    "admin": "allow",
    "developer": "allow",
    "endpoint": "src/actions/repository/builds/cancelBuild.action.ts#onCancelBuild",
    "guards": "build.cancel",
    "guest": "deny",
    "system": "deny",
  },
  {
    "admin": "allow",
    "developer": "allow",
    "endpoint": "src/actions/repository/builds/removeBuild.action.ts#onRemoveBuild",
    "guards": "build.delete",
    "guest": "deny",
    "system": "deny",
  },
  {
    "admin": "allow",
    "developer": "allow",
    "endpoint": "src/actions/repository/builds/startBuild.action.ts#onStartBuild",
    "guards": "build.run",
    "guest": "deny",
    "system": "deny",
  },
  {
    "admin": "allow",
    "developer": "allow",
    "endpoint": "src/actions/repository/deleteEnvVariable.action.ts#deleteEnvVariableAction",
    "guards": "envVar.write",
    "guest": "deny",
    "system": "deny",
  },
  {
    "admin": "allow",
    "developer": "allow",
    "endpoint": "src/actions/repository/pipeline/saveNodeConfig.action.ts#saveNodeConfigAction",
    "guards": "pipeline.update",
    "guest": "deny",
    "system": "deny",
  },
  {
    "admin": "allow",
    "developer": "allow",
    "endpoint": "src/actions/repository/pipeline/savePipeline.action.ts#savePipelineAction",
    "guards": "pipeline.update",
    "guest": "deny",
    "system": "deny",
  },
  {
    "admin": "allow",
    "developer": "allow",
    "endpoint": "src/actions/repository/pipeline/setupWebhook.action.ts#setupWebhookAction",
    "guards": "pipeline.webhook",
    "guest": "deny",
    "system": "deny",
  },
  {
    "admin": "allow",
    "developer": "allow",
    "endpoint": "src/actions/repository/pipeline/teardownWebhook.action.ts#teardownWebhookAction",
    "guards": "pipeline.webhook",
    "guest": "deny",
    "system": "deny",
  },
  {
    "admin": "allow",
    "developer": "allow",
    "endpoint": "src/actions/repository/relinkGitAccount.action.ts#relinkGitAccountAction",
    "guards": "repository.update",
    "guest": "deny",
    "system": "deny",
  },
  {
    "admin": "allow",
    "developer": "allow",
    "endpoint": "src/actions/repository/repositoryCreate.action.ts#onRepositoryCreateAction",
    "guards": "repository.create",
    "guest": "deny",
    "system": "deny",
  },
  {
    "admin": "allow",
    "developer": "allow",
    "endpoint": "src/actions/repository/settings/clearCache.action.ts#clearCacheAction",
    "guards": "repository.delete",
    "guest": "deny",
    "system": "deny",
  },
  {
    "admin": "allow",
    "developer": "allow",
    "endpoint": "src/actions/repository/settings/deleteRepository.action.ts#deleteRepositoryAction",
    "guards": "repository.delete",
    "guest": "deny",
    "system": "deny",
  },
  {
    "admin": "allow",
    "developer": "allow",
    "endpoint": "src/actions/repository/settings/moveRepositoryToOrganization.action.ts#moveRepositoryToOrganizationAction",
    "guards": "repository.update",
    "guest": "deny",
    "system": "deny",
  },
  {
    "admin": "allow",
    "developer": "allow",
    "endpoint": "src/actions/repository/sslCertificate/createCustomCert.action.ts#createCustomCert",
    "guards": "ssl.manage",
    "guest": "deny",
    "system": "deny",
  },
  {
    "admin": "allow",
    "developer": "allow",
    "endpoint": "src/actions/repository/sslCertificate/createLetsEncryptCert.action.ts#createLetsEncryptCert",
    "guards": "ssl.manage",
    "guest": "deny",
    "system": "deny",
  },
  {
    "admin": "allow",
    "developer": "allow",
    "endpoint": "src/actions/repository/sslCertificate/deleteSslCert.action.ts#deleteSslCert",
    "guards": "ssl.manage",
    "guest": "deny",
    "system": "deny",
  },
  {
    "admin": "allow",
    "developer": "allow",
    "endpoint": "src/actions/repository/stages/deleteStage.action.ts#deleteStageAction",
    "guards": "stage.manage",
    "guest": "deny",
    "system": "deny",
  },
  {
    "admin": "allow",
    "developer": "allow",
    "endpoint": "src/actions/repository/stages/upsertStage.action.ts#upsertStageAction",
    "guards": "stage.manage",
    "guest": "deny",
    "system": "deny",
  },
  {
    "admin": "allow",
    "developer": "allow",
    "endpoint": "src/actions/repository/updateEnvVariables.action.ts#onEnvVariableAction",
    "guards": "envVar.write",
    "guest": "deny",
    "system": "deny",
  },
  {
    "admin": "allow",
    "developer": "allow",
    "endpoint": "src/actions/repository/versions/deleteVersion.action.ts#onDeleteVersion",
    "guards": "build.delete",
    "guest": "deny",
    "system": "deny",
  },
  {
    "admin": "allow",
    "developer": "allow",
    "endpoint": "src/actions/repository/versions/deployComposeVersion.action.ts#onDeployComposeVersion",
    "guards": "deployment.deploy",
    "guest": "deny",
    "system": "deny",
  },
  {
    "admin": "allow",
    "developer": "allow",
    "endpoint": "src/actions/repository/versions/deployDockerfileVersion.action.ts#onDeployDockerfileVersion",
    "guards": "deployment.deploy",
    "guest": "deny",
    "system": "deny",
  },
  {
    "admin": "exempt:self-service",
    "developer": "exempt:self-service",
    "endpoint": "src/actions/tasks/cancelTask.action.ts#onTaskCancelAction",
    "guards": null,
    "guest": "exempt:self-service",
    "system": "exempt:self-service",
  },
  {
    "admin": "allow",
    "developer": "allow",
    "endpoint": "src/actions/traefik/deleteTraefikFile.action.ts#deleteTraefikFile",
    "guards": "traefik.manage",
    "guest": "deny",
    "system": "deny",
  },
  {
    "admin": "allow",
    "developer": "allow",
    "endpoint": "src/actions/traefik/moveTraefikEntry.action.ts#moveTraefikEntry",
    "guards": "traefik.manage",
    "guest": "deny",
    "system": "deny",
  },
  {
    "admin": "allow",
    "developer": "allow",
    "endpoint": "src/actions/traefik/saveTraefikFile.action.ts#saveTraefikFile",
    "guards": "traefik.manage",
    "guest": "deny",
    "system": "deny",
  },
  {
    "admin": "allow",
    "developer": "deny",
    "endpoint": "src/actions/user/banUser.action.ts#banUser",
    "guards": "user.ban",
    "guest": "deny",
    "system": "deny",
  },
  {
    "admin": "allow",
    "developer": "deny",
    "endpoint": "src/actions/user/deleteUser.action.ts#deleteUser",
    "guards": "user.delete",
    "guest": "deny",
    "system": "deny",
  },
  {
    "admin": "allow",
    "developer": "deny",
    "endpoint": "src/actions/user/updateUserRole.action.ts#updateUserRole",
    "guards": "user.set-role",
    "guest": "deny",
    "system": "deny",
  },
]
`;

exports[`permission matrix > resolves the same verdict for every org-scoped guard and organization role 1`] = `
[
  {
    "admin": "allow",
    "guard": "build.cancel",
    "member": "deny",
    "owner": "allow",
  },
  {
    "admin": "allow",
    "guard": "build.delete",
    "member": "deny",
    "owner": "allow",
  },
  {
    "admin": "allow",
    "guard": "build.read",
    "member": "allow",
    "owner": "allow",
  },
  {
    "admin": "allow",
    "guard": "build.run",
    "member": "allow",
    "owner": "allow",
  },
  {
    "admin": "allow",
    "guard": "container.manage",
    "member": "allow",
    "owner": "allow",
  },
  {
    "admin": "allow",
    "guard": "container.read",
    "member": "allow",
    "owner": "allow",
  },
  {
    "admin": "allow",
    "guard": "container.remove",
    "member": "deny",
    "owner": "allow",
  },
  {
    "admin": "allow",
    "guard": "deployment.deploy",
    "member": "deny",
    "owner": "allow",
  },
  {
    "admin": "allow",
    "guard": "domain.manage",
    "member": "deny",
    "owner": "allow",
  },
  {
    "admin": "allow",
    "guard": "envVar.read",
    "member": "allow",
    "owner": "allow",
  },
  {
    "admin": "allow",
    "guard": "envVar.write",
    "member": "deny",
    "owner": "allow",
  },
  {
    "admin": "allow",
    "guard": "pipeline.read",
    "member": "allow",
    "owner": "allow",
  },
  {
    "admin": "allow",
    "guard": "pipeline.update",
    "member": "deny",
    "owner": "allow",
  },
  {
    "admin": "allow",
    "guard": "pipeline.webhook",
    "member": "deny",
    "owner": "allow",
  },
  {
    "admin": "allow",
    "guard": "repository.create",
    "member": "deny",
    "owner": "allow",
  },
  {
    "admin": "allow",
    "guard": "repository.delete",
    "member": "deny",
    "owner": "allow",
  },
  {
    "admin": "allow",
    "guard": "repository.read",
    "member": "allow",
    "owner": "allow",
  },
  {
    "admin": "allow",
    "guard": "repository.update",
    "member": "deny",
    "owner": "allow",
  },
  {
    "admin": "allow",
    "guard": "ssl.manage",
    "member": "deny",
    "owner": "allow",
  },
  {
    "admin": "allow",
    "guard": "ssl.read",
    "member": "allow",
    "owner": "allow",
  },
  {
    "admin": "allow",
    "guard": "stage.manage",
    "member": "deny",
    "owner": "allow",
  },
  {
    "admin": "allow",
    "guard": "stage.read",
    "member": "allow",
    "owner": "allow",
  },
]
`;
