// Vitest Snapshot v1, https://vitest.dev/guide/snapshot.html

exports[`permission usage > records which declared permissions no endpoint requires 1`] = `
[
  "backup.create",
  "backup.delete",
  "backup.restore",
  "deployment.rollback",
  "domain.read",
  "gitProvider.read",
  "gitProvider.update",
  "image.remove",
  "mcpKey.read",
  "network.read",
  "network.remove",
  "volume.read",
  "volume.remove",
]
`;
